// Jest Snapshot v1, https://goo.gl/fbAQLP

exports[`it should works 1`] = `
"export namespace ReqTypes {
  export interface Endpoint1 {
    params: {
      b: string;
      d: number;
    };
    query: {
      kind?: string;
    };
    headers: {
      \\"X-App-Key\\": string;
    };
    body: {
      null: any;
      bool: boolean;
      integer?: number;
      float: number;
      array1: string[];
      object1: {
        a: number;
        b: number;
      };
      objectarray: {
        a: number;
      }[];
      time: string;
    };
  }
  export interface Object1 {
    a: number;
    b: number;
  }
}"
`;
