// Jest Snapshot v1, https://goo.gl/fbAQLP

exports[`it should works 1`] = `
"/* Autogenerated file. Do not edit manually. */
/* tslint:disable */
/* eslint-disable */

import {
  Handler,
  Middleware,
  Operation,
  Handlers as KisaHandlers,
  Middlewares as KisaMiddlewares,
  SecurityHandlers as KisaSecurityHandlers,
} from "kisa";

export namespace ReqTypes {
  export interface Login {
    body: {
      name: string;
      pass: string;
    };
  }
  export interface ListPosts {
    query: {
      pageSize?: number;
      pageNum?: number;
    };
  }
  export interface CreatePost {
    body: {
      title: string;
      description?: string;
      content: string;
    };
  }
  export interface PublishPost {
    params: {
      id: number;
    };
  }
  export interface ListMyPosts {
    query: {
      pageSize?: number;
      pageNum?: number;
    };
  }
  export interface DeletePost {
    params: {
      id: number;
    };
  }
  export interface Post {
    id: number;
    userId: number;
    title: string;
    description: string;
    status: number;
    content: string;
    createdAt: string;
    updateAt: string;
  }
}

export interface Handlers<S> extends KisaHandlers<S> {
  login: Handler<S, ReqTypes.Login>; 
  listPosts: Handler<S, ReqTypes.ListPosts>; 
  createPost: Handler<S, ReqTypes.CreatePost>; 
  publishPost: Handler<S, ReqTypes.PublishPost>; 
  listMyPosts: Handler<S, ReqTypes.ListMyPosts>; 
  deletePost: Handler<S, ReqTypes.DeletePost>; 
}

export interface Middlewares<S> extends KisaMiddlewares<S> {
  ratelimit: Middleware<S>; 
}

export interface SecurityHandlers<S> extends KisaSecurityHandlers<S> {
  jwt: (config: string[]) => Middleware<S>; 
}

export const OPERATIONS: Operation[] = [{"path":"/login","method":"post","security":[],"operationId":"login","xProps":{},"reqSchema":{"type":"object","properties":{"body":{"type":"object","properties":{"name":{"type":"string"},"pass":{"type":"string"}},"required":["name","pass"]}},"required":[]},"resSchema":{"200":{"type":"object","properties":{"id":{"type":"integer"},"name":{"type":"string"},"token":{"type":"string"},"expireAt":{"type":"string"}},"required":["id","name","token","expireAt"]}}},{"path":"/posts","method":"get","security":[],"operationId":"listPosts","xProps":{},"reqSchema":{"type":"object","properties":{"query":{"type":"object","properties":{"pageSize":{"type":"integer"},"pageNum":{"type":"integer"}},"required":[]}},"required":[]},"resSchema":{"200":{"type":"array","items":{"type":"object"}}}},{"path":"/posts","method":"post","security":[{"jwt":[]}],"operationId":"createPost","xProps":{"x-middlewares":["ratelimit"]},"reqSchema":{"type":"object","properties":{"body":{"type":"object","properties":{"title":{"type":"string"},"description":{"type":"string"},"content":{"type":"string"}},"required":["title","content"]}},"required":[]},"resSchema":{"200":{"type":"object","properties":{"id":{"type":"integer"},"userId":{"type":"integer"},"title":{"type":"string"},"description":{"type":"string"},"status":{"type":"integer"},"content":{"type":"string"},"createdAt":{"type":"string"},"updateAt":{"type":"string"}},"required":["id","userId","title","description","status","content","createdAt","updateAt"]}}},{"path":"/posts/:id/publish","method":"put","security":[{"jwt":[]}],"operationId":"publishPost","xProps":{},"reqSchema":{"type":"object","properties":{"params":{"type":"object","properties":{"id":{"type":"integer"}},"required":["id"]}},"required":[]},"resSchema":{"200":{"type":"object","properties":{"msg":{"type":"string"}},"required":["msg"]}}},{"path":"/posts/my","method":"get","security":[{"jwt":[]}],"operationId":"listMyPosts","xProps":{},"reqSchema":{"type":"object","properties":{"query":{"type":"object","properties":{"pageSize":{"type":"integer"},"pageNum":{"type":"integer"}},"required":[]}},"required":[]},"resSchema":{"200":{"type":"array","items":{"type":"object"}}}},{"path":"/posts/:id","method":"delete","security":[{"jwt":[]}],"operationId":"deletePost","xProps":{},"reqSchema":{"type":"object","properties":{"params":{"type":"object","properties":{"id":{"type":"integer"}},"required":["id"]}},"required":[]},"resSchema":{"200":{"type":"object","properties":{"msg":{"type":"string"}},"required":["msg"]}}}];
"
`;
